검사 통과: lee_001 (seeds [42])
New https://pypi.org/project/ultralytics/8.4.173 available  Update with 'pip install -U ultralytics'
Ultralytics 8.4.152  Python-3.13.13 torch-2.11.0+cu128 CUDA:0 (NVIDIA GeForce RTX 4050 Laptop GPU, 6140MiB)
engine\trainer: agnostic_nms=False, amp=True, angle=1.0, augment=False, auto_augment=randaugment, batch=8, bgr=0.0, box=7.5, cache=False, cfg=None, channels_last=None, classes=None, close_mosaic=10, cls=0.5, cls_pw=0.0, cls_remap=True, compile=False, conf=None, copy_paste=0.0, copy_paste_mode=flip, cos_lr=False, cutmix=0.0, data=<KAMP-harness>\runs\lee_001\work\seed42\dataset\data.yaml, degrees=0.0, deterministic=True, device=, dfl=1.5, dgrad=0.5, dis=6.0, distill_model=None, dlam=1.0, dlog=1.0, dnn=False, dropout=0.0, dynamic=False, embed=None, epochs=40, erasing=0.4, exist_ok=True, fliplr=0.5, flipud=0.0, format=torchscript, fraction=1.0, freeze=None, hsv_h=0.015, hsv_s=0.7, hsv_v=0.4, imgsz=1024, iou=0.7, keras=False, kobj=1.0, line_width=None, lr0=0.01, lrf=0.01, mask_ratio=4, max_det=300, mixup=0.0, mode=train, model=yolo26n.pt, momentum=0.937, mosaic=1.0, multi_scale=0.0, name=train, nbs=64, nms=None, opset=None, optimize=False, optimizer=auto, overlap_mask=True, patience=100, perspective=0.0, plots=False, pose=12.0, pretrained=True, profile=False, project=<KAMP-harness>\runs\lee_001\work\seed42, quantize=None, rect=False, resume=False, retina_masks=False, rle=1.0, save=True, save_conf=False, save_crop=False, save_dir=<KAMP-harness>\runs\lee_001\work\seed42\train, save_frames=False, save_json=False, save_period=-1, save_txt=False, scale=0.5, seed=42, shear=0.0, show=False, show_boxes=True, show_conf=True, show_labels=True, simplify=True, single_cls=False, source=None, split=val, stream_buffer=False, task=detect, time=None, tracker=tracktrack.yaml, translate=0.1, val=True, verbose=False, vid_stride=1, visualize=False, warmup_bias_lr=0.1, warmup_epochs=3.0, warmup_momentum=0.8, weight_decay=0.0005, workers=0, workspace=None
Overriding model.yaml nc=80 with nc=1
                   from  n    params  module                                       arguments                     
  0                  -1  1       464  ultralytics.nn.modules.conv.Conv             [3, 16, 3, 2]                 
  1                  -1  1      4672  ultralytics.nn.modules.conv.Conv             [16, 32, 3, 2]                
  2                  -1  1      6640  ultralytics.nn.modules.block.C3k2            [32, 64, 1, False, 0.25]      
  3                  -1  1     36992  ultralytics.nn.modules.conv.Conv             [64, 64, 3, 2]                
  4                  -1  1     26080  ultralytics.nn.modules.block.C3k2            [64, 128, 1, False, 0.25]     
  5                  -1  1    147712  ultralytics.nn.modules.conv.Conv             [128, 128, 3, 2]              
  6                  -1  1     87040  ultralytics.nn.modules.block.C3k2            [128, 128, 1, True]           
  7                  -1  1    295424  ultralytics.nn.modules.conv.Conv             [128, 256, 3, 2]              
  8                  -1  1    346112  ultralytics.nn.modules.block.C3k2            [256, 256, 1, True]           
  9                  -1  1    164608  ultralytics.nn.modules.block.SPPF            [256, 256, 5, 3, True]        
 10                  -1  1    249728  ultralytics.nn.modules.block.C2PSA           [256, 256, 1]                 
 11                  -1  1         0  torch.nn.modules.upsampling.Upsample         [None, 2, 'nearest']          
 12             [-1, 6]  1         0  ultralytics.nn.modules.conv.Concat           [1]                           
 13                  -1  1    119808  ultralytics.nn.modules.block.C3k2            [384, 128, 1, True]           
 14                  -1  1         0  torch.nn.modules.upsampling.Upsample         [None, 2, 'nearest']          
 15             [-1, 4]  1         0  ultralytics.nn.modules.conv.Concat           [1]                           
 16                  -1  1     34304  ultralytics.nn.modules.block.C3k2            [256, 64, 1, True]            
 17                  -1  1     36992  ultralytics.nn.modules.conv.Conv             [64, 64, 3, 2]                
 18            [-1, 13]  1         0  ultralytics.nn.modules.conv.Concat           [1]                           
 19                  -1  1     95232  ultralytics.nn.modules.block.C3k2            [192, 128, 1, True]           
 20                  -1  1    147712  ultralytics.nn.modules.conv.Conv             [128, 128, 3, 2]              
 21            [-1, 10]  1         0  ultralytics.nn.modules.conv.Concat           [1]                           
 22                  -1  1    463104  ultralytics.nn.modules.block.C3k2            [384, 256, 1, True, 0.5, True]
 23        [16, 19, 22]  1    241566  ultralytics.nn.modules.head.Detect           [1, 1, True, [64, 128, 256]]  
YOLO26n summary: 260 layers, 2,504,190 parameters, 2,504,190 gradients, 5.9 GFLOPs
Transferred 606/708 items from pretrained weights
AMP: running Automatic Mixed Precision (AMP) checks...
AMP: checks passed 
train: Fast image access  (ping: 0.00.0 ms, read: 509.0332.6 MB/s, size: 53.1 KB)
train: Scanning <KAMP-harness>\runs\lee_001\work\seed42\dataset\labels\train... 602 images, 0 backgrounds, 0 corrupt: 34% ━━━━──────── 602/1767 1.5Kit/s 0.2s<0.8s
train: Scanning <KAMP-harness>\runs\lee_001\work\seed42\dataset\labels\train... 862 images, 0 backgrounds, 0 corrupt: 48% ━━━━━╸────── 862/1767 1.9Kit/s 0.3s<0.5s
train: Scanning <KAMP-harness>\runs\lee_001\work\seed42\dataset\labels\train... 1176 images, 58 backgrounds, 0 corrupt: 66% ━━━━━━━╸──── 1176/1767 2.2Kit/s 0.4s<0.3s
train: Scanning <KAMP-harness>\runs\lee_001\work\seed42\dataset\labels\train... 1440 images, 58 backgrounds, 0 corrupt: 81% ━━━━━━━━━╸── 1440/1767 2.3Kit/s 0.5s<0.1s
train: Scanning <KAMP-harness>\runs\lee_001\work\seed42\dataset\labels\train... 1767 images, 59 backgrounds, 0 corrupt: 100% ━━━━━━━━━━━━ 1767/1767 2.9Kit/s 0.6s
train: New cache created: <KAMP-harness>\runs\lee_001\work\seed42\dataset\labels\train.cache
val: Fast image access  (ping: 0.00.0 ms, read: 541.1331.5 MB/s, size: 50.2 KB)
val: Scanning <KAMP-harness>\runs\lee_001\work\seed42\dataset\labels\val... 369 images, 19 backgrounds, 0 corrupt: 100% ━━━━━━━━━━━━ 369/369 3.2Kit/s 0.1s
val: New cache created: <KAMP-harness>\runs\lee_001\work\seed42\dataset\labels\val.cache
optimizer: 'optimizer=auto' found, ignoring 'lr0=0.01' and 'momentum=0.937' and determining best 'optimizer', 'lr0' and 'momentum' automatically... 
optimizer: AdamW(lr=0.002, momentum=0.9) with parameter groups 114 weight(decay=0.0), 126 weight(decay=0.0005), 126 bias(decay=0.0)
Using 1767 train, 369 val images for fraction=1.0 at imgsz=1024
Using 0 dataloader workers
Logging results to <KAMP-harness>\runs\lee_001\work\seed42\train
Starting training for 40 epochs...
      Epoch    GPU_mem   box_loss   cls_loss    l1_loss  Instances       Size
       1/40      3.23G      3.826      18.78    0.00645         26       1024: 0% ──────────── 0/221  8.1s
       1/40      3.26G       2.05      12.07   0.002957         11       1024: 100% ━━━━━━━━━━━━ 221/221 2.1it/s 1:47
                 Class     Images  Instances      Box(P          R      mAP50  mAP50-95): 100% ━━━━━━━━━━━━ 24/24 1.6it/s 14.7s
                   all        369        606      0.984      0.985      0.978      0.496
      Epoch    GPU_mem   box_loss   cls_loss    l1_loss  Instances       Size
       2/40      3.09G      1.784      13.68   0.002866          8       1024: 0% ──────────── 0/221  0.5s
       2/40      3.09G      1.508      3.925   0.001895         18       1024: 100% ━━━━━━━━━━━━ 221/221 2.5it/s 1:27
                 Class     Images  Instances      Box(P          R      mAP50  mAP50-95): 100% ━━━━━━━━━━━━ 24/24 4.3it/s 5.6s
                   all        369        606      0.988      0.988      0.988      0.576
      Epoch    GPU_mem   box_loss   cls_loss    l1_loss  Instances       Size
       3/40      3.09G      1.237      2.337   0.001801         18       1024: 0% ──────────── 0/221  0.4s
       3/40      3.09G      1.474      1.797   0.001901         28       1024: 100% ━━━━━━━━━━━━ 221/221 2.5it/s 1:28
                 Class     Images  Instances      Box(P          R      mAP50  mAP50-95): 100% ━━━━━━━━━━━━ 24/24 4.3it/s 5.6s
                   all        369        606      0.992      0.992      0.992      0.607
      Epoch    GPU_mem   box_loss   cls_loss    l1_loss  Instances       Size
       4/40      3.11G      1.846      1.149    0.00202         40       1024: 0% ──────────── 0/221  0.4s
       4/40      3.11G      1.376     0.9796   0.001798         16       1024: 100% ━━━━━━━━━━━━ 221/221 2.5it/s 1:27
                 Class     Images  Instances      Box(P          R      mAP50  mAP50-95): 100% ━━━━━━━━━━━━ 24/24 4.3it/s 5.6s
                   all        369        606      0.986      0.987      0.979      0.582
      Epoch    GPU_mem   box_loss   cls_loss    l1_loss  Instances       Size
       5/40      3.09G      1.499     0.7939   0.001928         20       1024: 0% ──────────── 0/221  0.4s
       5/40      3.09G      1.336     0.6749   0.001717         14       1024: 100% ━━━━━━━━━━━━ 221/221 2.5it/s 1:27
                 Class     Images  Instances      Box(P          R      mAP50  mAP50-95): 100% ━━━━━━━━━━━━ 24/24 4.3it/s 5.5s
                   all        369        606      0.988      0.988      0.977      0.612
      Epoch    GPU_mem   box_loss   cls_loss    l1_loss  Instances       Size
       6/40      3.09G      1.059     0.5409   0.001311         12       1024: 0% ──────────── 0/221  0.4s
       6/40      3.09G      1.357     0.5609   0.001747         13       1024: 100% ━━━━━━━━━━━━ 221/221 2.5it/s 1:27
                 Class     Images  Instances      Box(P          R      mAP50  mAP50-95): 100% ━━━━━━━━━━━━ 24/24 4.4it/s 5.5s
                   all        369        606      0.988      0.988      0.987      0.599
      Epoch    GPU_mem   box_loss   cls_loss    l1_loss  Instances       Size
       7/40      3.08G       1.21      0.468   0.001593         17       1024: 0% ──────────── 0/221  0.4s
       7/40      3.09G      1.295     0.4823   0.001632         14       1024: 100% ━━━━━━━━━━━━ 221/221 2.5it/s 1:28
                 Class     Images  Instances      Box(P          R      mAP50  mAP50-95): 100% ━━━━━━━━━━━━ 24/24 4.3it/s 5.6s
                   all        369        606      0.991      0.992      0.991      0.595
      Epoch    GPU_mem   box_loss   cls_loss    l1_loss  Instances       Size
       8/40      3.09G      1.498     0.5396   0.001759         19       1024: 0% ──────────── 0/221  0.4s
       8/40      3.09G      1.303      0.461   0.001639         10       1024: 100% ━━━━━━━━━━━━ 221/221 2.5it/s 1:28
                 Class     Images  Instances      Box(P          R      mAP50  mAP50-95): 100% ━━━━━━━━━━━━ 24/24 4.3it/s 5.6s
                   all        369        606       0.99       0.99      0.989      0.598
      Epoch    GPU_mem   box_loss   cls_loss    l1_loss  Instances       Size
       9/40      3.09G      1.217      0.417   0.001366         19       1024: 0% ──────────── 0/221  0.4s
       9/40      3.09G      1.296     0.4349   0.001666         18       1024: 100% ━━━━━━━━━━━━ 221/221 2.4it/s 1:31
                 Class     Images  Instances      Box(P          R      mAP50  mAP50-95): 100% ━━━━━━━━━━━━ 24/24 4.4it/s 5.5s
                   all        369        606      0.985      0.985      0.976      0.599
      Epoch    GPU_mem   box_loss   cls_loss    l1_loss  Instances       Size
      10/40      3.09G     0.9961     0.3013   0.001244         19       1024: 0% ──────────── 0/221  0.5s
      10/40      3.09G      1.248     0.3945   0.001588         11       1024: 100% ━━━━━━━━━━━━ 221/221 2.5it/s 1:27
                 Class     Images  Instances      Box(P          R      mAP50  mAP50-95): 100% ━━━━━━━━━━━━ 24/24 4.4it/s 5.5s
                   all        369        606       0.99       0.99      0.988      0.599
      Epoch    GPU_mem   box_loss   cls_loss    l1_loss  Instances       Size
      11/40      3.09G      1.285     0.5239   0.001918         21       1024: 0% ──────────── 0/221  0.5s
      11/40      3.09G      1.239     0.3912   0.001565         19       1024: 100% ━━━━━━━━━━━━ 221/221 2.5it/s 1:27
                 Class     Images  Instances      Box(P          R      mAP50  mAP50-95): 100% ━━━━━━━━━━━━ 24/24 4.4it/s 5.5s
                   all        369        606      0.985      0.985      0.975      0.594
      Epoch    GPU_mem   box_loss   cls_loss    l1_loss  Instances       Size
      12/40      3.09G      1.519     0.7185   0.002095         12       1024: 0% ──────────── 0/221  0.4s
      12/40      3.09G      1.258     0.3788   0.001601         15       1024: 100% ━━━━━━━━━━━━ 221/221 2.5it/s 1:27
                 Class     Images  Instances      Box(P          R      mAP50  mAP50-95): 100% ━━━━━━━━━━━━ 24/24 4.4it/s 5.5s
                   all        369        606      0.988      0.988      0.979      0.621
      Epoch    GPU_mem   box_loss   cls_loss    l1_loss  Instances       Size
      13/40       3.1G      1.404     0.3553    0.00171         26       1024: 0% ──────────── 0/221  0.4s
      13/40       3.1G      1.236      0.374   0.001585         13       1024: 100% ━━━━━━━━━━━━ 221/221 2.5it/s 1:27
                 Class     Images  Instances      Box(P          R      mAP50  mAP50-95): 100% ━━━━━━━━━━━━ 24/24 4.3it/s 5.5s
                   all        369        606       0.99       0.99      0.989      0.605
      Epoch    GPU_mem   box_loss   cls_loss    l1_loss  Instances       Size
      14/40      3.09G      1.061     0.2672   0.001722         14       1024: 0% ──────────── 0/221  0.4s
      14/40      3.09G      1.238     0.3792   0.001557         17       1024: 100% ━━━━━━━━━━━━ 221/221 2.5it/s 1:27
                 Class     Images  Instances      Box(P          R      mAP50  mAP50-95): 100% ━━━━━━━━━━━━ 24/24 4.3it/s 5.5s
                   all        369        606      0.983      0.983      0.976      0.617
      Epoch    GPU_mem   box_loss   cls_loss    l1_loss  Instances       Size
      15/40      3.08G      1.566     0.4083   0.001968         13       1024: 0% ──────────── 0/221  0.4s
      15/40      3.09G      1.227     0.3763   0.001585         18       1024: 100% ━━━━━━━━━━━━ 221/221 2.5it/s 1:30
                 Class     Images  Instances      Box(P          R      mAP50  mAP50-95): 100% ━━━━━━━━━━━━ 24/24 4.1it/s 5.9s
                   all        369        606      0.992      0.992      0.992        0.6
      Epoch    GPU_mem   box_loss   cls_loss    l1_loss  Instances       Size
      16/40      3.09G      1.374     0.5436   0.002229         17       1024: 0% ──────────── 0/221  0.4s
      16/40      3.09G      1.263     0.3708   0.001631          9       1024: 100% ━━━━━━━━━━━━ 221/221 2.3it/s 1:34
                 Class     Images  Instances      Box(P          R      mAP50  mAP50-95): 100% ━━━━━━━━━━━━ 24/24 4.1it/s 5.8s
                   all        369        606      0.992      0.992      0.991      0.618
      Epoch    GPU_mem   box_loss   cls_loss    l1_loss  Instances       Size
      17/40       3.1G      1.009     0.3082   0.001252         25       1024: 0% ──────────── 0/221  0.4s
      17/40       3.1G      1.236      0.355   0.001579         12       1024: 100% ━━━━━━━━━━━━ 221/221 2.4it/s 1:32
                 Class     Images  Instances      Box(P          R      mAP50  mAP50-95): 100% ━━━━━━━━━━━━ 24/24 4.1it/s 5.8s
                   all        369        606      0.983      0.983      0.977      0.619
      Epoch    GPU_mem   box_loss   cls_loss    l1_loss  Instances       Size
      18/40       3.1G      1.314     0.3182   0.001649         23       1024: 0% ──────────── 0/221  0.5s
      18/40       3.1G      1.246     0.3467   0.001562         26       1024: 100% ━━━━━━━━━━━━ 221/221 2.5it/s 1:30
                 Class     Images  Instances      Box(P          R      mAP50  mAP50-95): 100% ━━━━━━━━━━━━ 24/24 4.4it/s 5.5s
                   all        369        606      0.992      0.992       0.99      0.604
      Epoch    GPU_mem   box_loss   cls_loss    l1_loss  Instances       Size
      19/40      3.09G      1.284     0.5167   0.001757         12       1024: 0% ──────────── 0/221  0.4s
      19/40      3.09G      1.226     0.3437   0.001559         20       1024: 100% ━━━━━━━━━━━━ 221/221 2.5it/s 1:27
                 Class     Images  Instances      Box(P          R      mAP50  mAP50-95): 100% ━━━━━━━━━━━━ 24/24 4.4it/s 5.5s
                   all        369        606       0.99       0.99      0.989      0.612
      Epoch    GPU_mem   box_loss   cls_loss    l1_loss  Instances       Size
      20/40       3.1G      1.743     0.3973    0.00239         21       1024: 0% ──────────── 0/221  0.4s
      20/40      3.11G      1.193     0.3356   0.001487         25       1024: 100% ━━━━━━━━━━━━ 221/221 2.5it/s 1:27
                 Class     Images  Instances      Box(P          R      mAP50  mAP50-95): 100% ━━━━━━━━━━━━ 24/24 4.4it/s 5.4s
                   all        369        606       0.99       0.99       0.99      0.609
      Epoch    GPU_mem   box_loss   cls_loss    l1_loss  Instances       Size
      21/40      3.09G      1.198     0.3251   0.001424         22       1024: 0% ──────────── 0/221  0.4s
      21/40      3.09G      1.213     0.3414   0.001525         15       1024: 100% ━━━━━━━━━━━━ 221/221 2.5it/s 1:27
                 Class     Images  Instances      Box(P          R      mAP50  mAP50-95): 100% ━━━━━━━━━━━━ 24/24 4.5it/s 5.4s
                   all        369        606       0.99       0.99      0.989      0.622
      Epoch    GPU_mem   box_loss   cls_loss    l1_loss  Instances       Size
      22/40      3.09G      1.082     0.2977   0.001914         14       1024: 0% ──────────── 0/221  0.4s
      22/40      3.09G      1.182     0.3333   0.001495         15       1024: 100% ━━━━━━━━━━━━ 221/221 2.5it/s 1:27
                 Class     Images  Instances      Box(P          R      mAP50  mAP50-95): 100% ━━━━━━━━━━━━ 24/24 4.4it/s 5.4s
                   all        369        606       0.99       0.99       0.99      0.618
      Epoch    GPU_mem   box_loss   cls_loss    l1_loss  Instances       Size
      23/40      3.08G      1.475     0.4091   0.001673         25       1024: 0% ──────────── 0/221  0.4s
      23/40      3.09G      1.232     0.3349   0.001553         17       1024: 100% ━━━━━━━━━━━━ 221/221 2.5it/s 1:27
                 Class     Images  Instances      Box(P          R      mAP50  mAP50-95): 100% ━━━━━━━━━━━━ 24/24 4.4it/s 5.5s
                   all        369        606      0.988      0.988       0.98      0.617
      Epoch    GPU_mem   box_loss   cls_loss    l1_loss  Instances       Size
      24/40      3.09G      1.282     0.3763   0.001405         24       1024: 0% ──────────── 0/221  0.4s
      24/40      3.09G      1.195     0.3273   0.001509         17       1024: 100% ━━━━━━━━━━━━ 221/221 2.5it/s 1:27
                 Class     Images  Instances      Box(P          R      mAP50  mAP50-95): 100% ━━━━━━━━━━━━ 24/24 4.4it/s 5.5s
                   all        369        606      0.987      0.987      0.977      0.619
      Epoch    GPU_mem   box_loss   cls_loss    l1_loss  Instances       Size
      25/40      3.09G      1.113     0.3244   0.001435         20       1024: 0% ──────────── 0/221  0.4s
      25/40      3.09G      1.172     0.3245   0.001482         23       1024: 100% ━━━━━━━━━━━━ 221/221 2.5it/s 1:27
                 Class     Images  Instances      Box(P          R      mAP50  mAP50-95): 100% ━━━━━━━━━━━━ 24/24 4.4it/s 5.5s
                   all        369        606       0.99       0.99       0.99      0.622
      Epoch    GPU_mem   box_loss   cls_loss    l1_loss  Instances       Size
      26/40       3.1G     0.9404      0.231   0.001083         26       1024: 0% ──────────── 0/221  0.5s
      26/40       3.1G      1.196     0.3189   0.001529         33       1024: 100% ━━━━━━━━━━━━ 221/221 2.5it/s 1:27
                 Class     Images  Instances      Box(P          R      mAP50  mAP50-95): 100% ━━━━━━━━━━━━ 24/24 4.4it/s 5.4s
                   all        369        606      0.988      0.988      0.978      0.632
      Epoch    GPU_mem   box_loss   cls_loss    l1_loss  Instances       Size
      27/40      3.09G      1.186     0.3095   0.001524         15       1024: 0% ──────────── 0/221  0.4s
      27/40      3.09G      1.173     0.3181    0.00152         19       1024: 100% ━━━━━━━━━━━━ 221/221 2.5it/s 1:27
                 Class     Images  Instances      Box(P          R      mAP50  mAP50-95): 100% ━━━━━━━━━━━━ 24/24 4.4it/s 5.5s
                   all        369        606      0.988      0.988      0.978      0.623
      Epoch    GPU_mem   box_loss   cls_loss    l1_loss  Instances       Size
      28/40      3.09G      1.013     0.2469   0.001237         15       1024: 0% ──────────── 0/221  0.4s
      28/40      3.09G      1.144     0.3107   0.001459         15       1024: 100% ━━━━━━━━━━━━ 221/221 2.5it/s 1:27
                 Class     Images  Instances      Box(P          R      mAP50  mAP50-95): 100% ━━━━━━━━━━━━ 24/24 4.3it/s 5.6s
                   all        369        606       0.99       0.99      0.989      0.622
      Epoch    GPU_mem   box_loss   cls_loss    l1_loss  Instances       Size
      29/40      3.09G     0.8317     0.2295   0.001013         23       1024: 0% ──────────── 0/221  0.4s
      29/40      3.09G      1.139     0.3098   0.001465         18       1024: 100% ━━━━━━━━━━━━ 221/221 2.5it/s 1:27
                 Class     Images  Instances      Box(P          R      mAP50  mAP50-95): 100% ━━━━━━━━━━━━ 24/24 4.4it/s 5.5s
                   all        369        606      0.992      0.992      0.991      0.625
      Epoch    GPU_mem   box_loss   cls_loss    l1_loss  Instances       Size
      30/40      3.09G      1.072     0.2615   0.001215         21       1024: 0% ──────────── 0/221  0.4s
      30/40      3.09G      1.166     0.3164   0.001497         24       1024: 100% ━━━━━━━━━━━━ 221/221 2.5it/s 1:29
                 Class     Images  Instances      Box(P          R      mAP50  mAP50-95): 100% ━━━━━━━━━━━━ 24/24 4.3it/s 5.6s
                   all        369        606      0.992      0.992       0.99      0.628
Closing dataloader mosaic
      Epoch    GPU_mem   box_loss   cls_loss    l1_loss  Instances       Size
      31/40      3.08G      1.149     0.2613   0.001718         18       1024: 0% ──────────── 0/221  0.4s
      31/40      3.09G      1.123     0.2804   0.001701         17       1024: 100% ━━━━━━━━━━━━ 221/221 2.8it/s 1:19
                 Class     Images  Instances      Box(P          R      mAP50  mAP50-95): 100% ━━━━━━━━━━━━ 24/24 4.4it/s 5.5s
                   all        369        606       0.99       0.99       0.99      0.627
      Epoch    GPU_mem   box_loss   cls_loss    l1_loss  Instances       Size
      32/40      3.09G     0.8241     0.2125   0.001289         18       1024: 0% ──────────── 0/221  0.4s
      32/40      3.09G      1.112     0.2835   0.001685         13       1024: 100% ━━━━━━━━━━━━ 221/221 2.8it/s 1:19
                 Class     Images  Instances      Box(P          R      mAP50  mAP50-95): 100% ━━━━━━━━━━━━ 24/24 4.4it/s 5.4s
                   all        369        606       0.99       0.99      0.989      0.628
      Epoch    GPU_mem   box_loss   cls_loss    l1_loss  Instances       Size
      33/40      3.09G     0.7464     0.1894  0.0009292         14       1024: 0% ──────────── 0/221  0.4s
      33/40      3.09G      1.103      0.277   0.001675         11       1024: 100% ━━━━━━━━━━━━ 221/221 2.8it/s 1:19
                 Class     Images  Instances      Box(P          R      mAP50  mAP50-95): 100% ━━━━━━━━━━━━ 24/24 4.4it/s 5.5s
                   all        369        606       0.99       0.99      0.989      0.626
      Epoch    GPU_mem   box_loss   cls_loss    l1_loss  Instances       Size
      34/40      3.09G      1.394     0.3491   0.001823         14       1024: 0% ──────────── 0/221  0.4s
      34/40      3.09G      1.105     0.2773   0.001689         17       1024: 100% ━━━━━━━━━━━━ 221/221 2.8it/s 1:19
                 Class     Images  Instances      Box(P          R      mAP50  mAP50-95): 100% ━━━━━━━━━━━━ 24/24 4.4it/s 5.5s
                   all        369        606       0.99       0.99      0.989       0.63
      Epoch    GPU_mem   box_loss   cls_loss    l1_loss  Instances       Size
      35/40      3.09G     0.8075      0.201   0.001076         13       1024: 0% ──────────── 0/221  0.4s
      35/40      3.09G      1.096     0.2738   0.001687         11       1024: 100% ━━━━━━━━━━━━ 221/221 2.8it/s 1:19
                 Class     Images  Instances      Box(P          R      mAP50  mAP50-95): 100% ━━━━━━━━━━━━ 24/24 4.4it/s 5.5s
                   all        369        606       0.99       0.99      0.989      0.629
      Epoch    GPU_mem   box_loss   cls_loss    l1_loss  Instances       Size
      36/40      3.09G      1.085     0.2621   0.001614         15       1024: 0% ──────────── 0/221  0.4s
      36/40      3.09G      1.093       0.27   0.001656         15       1024: 100% ━━━━━━━━━━━━ 221/221 2.8it/s 1:18
                 Class     Images  Instances      Box(P          R      mAP50  mAP50-95): 100% ━━━━━━━━━━━━ 24/24 4.4it/s 5.5s
                   all        369        606       0.99       0.99      0.989      0.634
      Epoch    GPU_mem   box_loss   cls_loss    l1_loss  Instances       Size
      37/40      3.09G      1.349     0.3731   0.001794         12       1024: 0% ──────────── 0/221  0.4s
      37/40      3.09G      1.085      0.271   0.001649         13       1024: 100% ━━━━━━━━━━━━ 221/221 2.8it/s 1:18
                 Class     Images  Instances      Box(P          R      mAP50  mAP50-95): 100% ━━━━━━━━━━━━ 24/24 4.4it/s 5.5s
                   all        369        606       0.99       0.99      0.989      0.632
      Epoch    GPU_mem   box_loss   cls_loss    l1_loss  Instances       Size
      38/40      3.09G      2.326     0.5559   0.002672         10       1024: 0% ──────────── 0/221  0.4s
      38/40      3.09G      1.098     0.2736   0.001615         17       1024: 100% ━━━━━━━━━━━━ 221/221 2.8it/s 1:18
                 Class     Images  Instances      Box(P          R      mAP50  mAP50-95): 100% ━━━━━━━━━━━━ 24/24 4.4it/s 5.5s
                   all        369        606      0.988      0.988      0.979      0.636
      Epoch    GPU_mem   box_loss   cls_loss    l1_loss  Instances       Size
      39/40      3.08G       1.15     0.2728   0.001287         10       1024: 0% ──────────── 0/221  0.4s
      39/40      3.09G       1.09     0.2706   0.001653         15       1024: 100% ━━━━━━━━━━━━ 221/221 2.8it/s 1:18
                 Class     Images  Instances      Box(P          R      mAP50  mAP50-95): 100% ━━━━━━━━━━━━ 24/24 4.4it/s 5.5s
                   all        369        606      0.988      0.988      0.978      0.633
      Epoch    GPU_mem   box_loss   cls_loss    l1_loss  Instances       Size
      40/40      3.09G     0.9409     0.2707   0.001209         22       1024: 0% ──────────── 0/221  0.4s
      40/40      3.09G      1.088     0.2715   0.001646          9       1024: 100% ━━━━━━━━━━━━ 221/221 2.8it/s 1:19
                 Class     Images  Instances      Box(P          R      mAP50  mAP50-95): 100% ━━━━━━━━━━━━ 24/24 4.4it/s 5.4s
                   all        369        606      0.988      0.988      0.978      0.634
40 epochs completed in 1.027 hours.
Optimizer stripped from <KAMP-harness>\runs\lee_001\work\seed42\train\weights\last.pt, 5.5MB
Optimizer stripped from <KAMP-harness>\runs\lee_001\work\seed42\train\weights\best.pt, 5.5MB
Validating <KAMP-harness>\runs\lee_001\work\seed42\train\weights\best.pt...
Ultralytics 8.4.152  Python-3.13.13 torch-2.11.0+cu128 CUDA:0 (NVIDIA GeForce RTX 4050 Laptop GPU, 6140MiB)
YOLO26n summary (fused): 120 layers, 2,375,031 parameters, 0 gradients, 5.3 GFLOPs
                 Class     Images  Instances      Box(P          R      mAP50  mAP50-95): 100% ━━━━━━━━━━━━ 24/24 5.2it/s 4.6s
                   all        369        606      0.988      0.988      0.979      0.637
Speed: 0.5ms preprocess, 5.6ms inference, 0.0ms loss, 0.7ms postprocess per image